2025-05-25T07:24:48.559-04:00  INFO 21764 --- [omniplanner] [main] c.m.omniplanner.OmniplannerApplication   : Starting OmniplannerApplication using Java 17.0.12 with PID 21764 (C:\Users\norflewe\OneDrive - Rose-Hulman Institute of Technology\Documents\Capstone\omni-planner\backend\omniplanner\build\classes\java\main started by norflewe in C:\Users\norflewe\OneDrive - Rose-Hulman Institute of Technology\Documents\Capstone\omni-planner\backend\omniplanner)
2025-05-25T07:24:48.574-04:00  INFO 21764 --- [omniplanner] [main] c.m.omniplanner.OmniplannerApplication   : No active profile set, falling back to 1 default profile: "default"
2025-05-25T07:24:49.887-04:00  INFO 21764 --- [omniplanner] [main] .s.d.r.c.RepositoryConfigurationDelegate : Bootstrapping Spring Data JPA repositories in DEFAULT mode.
2025-05-25T07:24:49.965-04:00  INFO 21764 --- [omniplanner] [main] .s.d.r.c.RepositoryConfigurationDelegate : Finished Spring Data repository scanning in 68 ms. Found 4 JPA repository interfaces.
2025-05-25T07:24:50.699-04:00  INFO 21764 --- [omniplanner] [main] o.s.b.w.embedded.tomcat.TomcatWebServer  : Tomcat initialized with port 8080 (http)
2025-05-25T07:24:50.719-04:00  INFO 21764 --- [omniplanner] [main] o.apache.catalina.core.StandardService   : Starting service [Tomcat]
2025-05-25T07:24:50.719-04:00  INFO 21764 --- [omniplanner] [main] o.apache.catalina.core.StandardEngine    : Starting Servlet engine: [Apache Tomcat/10.1.30]
2025-05-25T07:24:50.808-04:00  INFO 21764 --- [omniplanner] [main] o.a.c.c.C.[Tomcat].[localhost].[/]       : Initializing Spring embedded WebApplicationContext
2025-05-25T07:24:50.808-04:00  INFO 21764 --- [omniplanner] [main] w.s.c.ServletWebServerApplicationContext : Root WebApplicationContext: initialization completed in 1949 ms
2025-05-25T07:24:50.971-04:00  INFO 21764 --- [omniplanner] [main] o.hibernate.jpa.internal.util.LogHelper  : HHH000204: Processing PersistenceUnitInfo [name: default]
2025-05-25T07:24:51.039-04:00  INFO 21764 --- [omniplanner] [main] org.hibernate.Version                    : HHH000412: Hibernate ORM core version 6.5.3.Final
2025-05-25T07:24:51.080-04:00  INFO 21764 --- [omniplanner] [main] o.h.c.internal.RegionFactoryInitiator    : HHH000026: Second-level cache disabled
2025-05-25T07:24:51.474-04:00  INFO 21764 --- [omniplanner] [main] o.s.o.j.p.SpringPersistenceUnitInfo      : No LoadTimeWeaver setup: ignoring JPA class transformer
2025-05-25T07:24:51.523-04:00  INFO 21764 --- [omniplanner] [main] com.zaxxer.hikari.HikariDataSource       : HikariPool-1 - Starting...
2025-05-25T07:24:51.753-04:00  INFO 21764 --- [omniplanner] [main] com.zaxxer.hikari.pool.HikariPool        : HikariPool-1 - Added connection org.sqlite.jdbc4.JDBC4Connection@466fedfa
2025-05-25T07:24:51.756-04:00  INFO 21764 --- [omniplanner] [main] com.zaxxer.hikari.HikariDataSource       : HikariPool-1 - Start completed.
2025-05-25T07:24:52.883-04:00  INFO 21764 --- [omniplanner] [main] o.h.e.t.j.p.i.JtaPlatformInitiator       : HHH000489: No JTA platform available (set 'hibernate.transaction.jta.platform' to enable JTA platform integration)
2025-05-25T07:24:52.926-04:00  INFO 21764 --- [omniplanner] [main] j.LocalContainerEntityManagerFactoryBean : Initialized JPA EntityManagerFactory for persistence unit 'default'
2025-05-25T07:24:53.223-04:00  INFO 21764 --- [omniplanner] [main] o.s.d.j.r.query.QueryEnhancerFactory     : Hibernate is in classpath; If applicable, HQL parser will be used.
2025-05-25T07:24:53.891-04:00  INFO 21764 --- [omniplanner] [main] r$InitializeUserDetailsManagerConfigurer : Global AuthenticationManager configured with UserDetailsService bean with name userService
2025-05-25T07:24:53.911-04:00  WARN 21764 --- [omniplanner] [main] JpaBaseConfiguration$JpaWebConfiguration : spring.jpa.open-in-view is enabled by default. Therefore, database queries may be performed during view rendering. Explicitly configure spring.jpa.open-in-view to disable this warning
2025-05-25T07:24:54.317-04:00  WARN 21764 --- [omniplanner] [main] ion$DefaultTemplateResolverConfiguration : Cannot find template location: classpath:/templates/ (please add some templates, check your Thymeleaf configuration, or set spring.thymeleaf.check-template-location=false)
2025-05-25T07:24:54.459-04:00  INFO 21764 --- [omniplanner] [main] o.s.b.w.embedded.tomcat.TomcatWebServer  : Tomcat started on port 8080 (http) with context path '/'
2025-05-25T07:24:54.469-04:00  INFO 21764 --- [omniplanner] [main] c.m.omniplanner.OmniplannerApplication   : Started OmniplannerApplication in 6.436 seconds (process running for 7.441)
